// Jest Snapshot v1, https://goo.gl/fbAQLP

exports[`ScoreLegend component should render 1`] = `
<div
  className="icons-wrapper icon-legend score-legend"
>
  <div
    className="icons"
  >
    <div
      className="icon"
    >
      <div
        className="icon-wrapper icon-green"
      />
      <div
        className="icons-description-wrapper"
      >
        <p
          className="title"
        >
          At Proficiency
        </p>
        <p
          className="explanation"
        >
          80-100%
        </p>
      </div>
    </div>
    <div
      className="icon"
    >
      <div
        className="icon-wrapper icon-orange"
      />
      <div
        className="icons-description-wrapper"
      >
        <p
          className="title"
        >
          Nearly Proficient
        </p>
        <p
          className="explanation"
        >
          60-79%
        </p>
      </div>
    </div>
    <div
      className="icon"
    >
      <div
        className="icon-wrapper icon-red"
      />
      <div
        className="icons-description-wrapper"
      >
        <p
          className="title"
        >
          Not Yet Proficient
        </p>
        <p
          className="explanation"
        >
          0-59%
        </p>
      </div>
    </div>
    <div
      className="icon"
    >
      <div
        className="icon-wrapper icon-blue"
      />
      <div
        className="icons-description-wrapper"
      >
        <p
          className="title title-single-line"
        >
          Completed
        </p>
      </div>
    </div>
    <div
      className="icon"
    >
      <div
        className="icon-wrapper icon-progress"
      >
        <img
          className="in-progress-symbol"
          src="http://assets.quill.org/images/scorebook/blue-circle-sliced.svg"
        />
      </div>
      <div
        className="icons-description-wrapper"
      >
        <p
          className="title title-single-line"
        >
          In Progress
        </p>
      </div>
    </div>
    <div
      className="icon"
    >
      <div
        className="icon-wrapper icon-unstarted"
      />
      <div
        className="icons-description-wrapper"
      >
        <p
          className="title title-single-line"
        >
          Not Started
        </p>
      </div>
    </div>
  </div>
</div>
`;
