// Jest Snapshot v1, https://goo.gl/fbAQLP

exports[`WelcomeModal component should render WelcomeModal 1`] = `
<div
  className="modal-container welcome-modal-container"
>
  <div
    className="modal-background"
  />
  <Component
    height={900}
    numberOfPieces={700}
    recycle={false}
    width={600}
  />
  <div
    className="welcome-modal quill-modal"
  >
    <div
      className="modal-body"
    >
      <div
        className="welcome-modal-image-box"
      >
        <h1>
          Welcome to Quill!
        </h1>
        <img
          alt="Teacher at projector in classroom"
          src="https://assets.quill.org/images/pages/dashboard/illustrations-classroom-activities-2.svg"
        />
      </div>
      <div>
        <div
          className="welcome-modal-text"
        >
          <p
            className="welcome-modal-header"
          >
            Want to see Quill's full potential?
          </p>
            <p>
              Play around with a demo account to see sample student data and reports.
            </p>
          </div>
          <br />
          <div
            className="welcome-modal-buttons"
          >
            <button
              className="quill-button contained secondary medium outlined welcome-modal-demo"
              onClick={[Function]}
              type="button"
            >
              Explore demo
            </button>
            <button
              className="quill-button contained primary medium welcome-modal-skip"
              type="button"
            >
              Maybe later, skip
            </button>
          </div>
        </div>
      </div>
  </div>
</div>
`;
