// Jest Snapshot v1, https://goo.gl/fbAQLP

exports[`Activities component should render Activities 1`] = `
<Fragment>
  <Navigation />
  <div
    className="loading-spinner-container"
  >
    <Spinner />
  </div>
</Fragment>
`;
