// Jest Snapshot v1, https://goo.gl/fbAQLP

exports[`UnitTemplate component should match snapshot 1`] = `
<div
  className="cms-unit-template-editor"
  id="unit-template-editor"
>
  <DropdownInput
    error={null}
    handleChange={[Function]}
    isSearchable={true}
    label="Select flag"
    options={
      Array [
        Object {
          "label": "production",
          "value": "production",
        },
        Object {
          "label": "alpha",
          "value": "alpha",
        },
        Object {
          "label": "beta",
          "value": "beta",
        },
        Object {
          "label": "gamma",
          "value": "gamma",
        },
        Object {
          "label": "archived",
          "value": "archived",
        },
        Object {
          "label": "private",
          "value": "private",
        },
      ]
    }
    value={null}
  />
  <div
    className="padded-element"
  >
    <a
      className="data-link"
      href="undefined/assign/featured-activity-packs/34"
      rel="noopener noreferrer"
      target="_blank"
    >
      Preview in Featured Activity Pack page
    </a>
  </div>
  <Input
    autoComplete="on"
    className="name-input"
    error={null}
    handleChange={[Function]}
    label="Name"
    value="barebones activity"
  />
  <section
    className="activity-pack-description-container padded-element"
  >
    <label
      htmlFor="activity-pack-description"
    >
      Activity Pack Description
    </label>
    <TextEditor
      ContentState={[Function]}
      EditorState={[Function]}
      handleTextChange={[Function]}
      id="activity-pack-description"
      key="activity-pack-description"
      shouldCheckSpelling={true}
      text="<p class=\\"hi\\">hi there</p>"
    />
  </section>
  <section
    className="middle-section"
  >
    <section
      className="activity-pack-type-container"
    >
      <label
        htmlFor="pack-type-dropdown"
      >
        <Tooltip
          isTabbable={true}
          tooltipText="Unit Template Category"
          tooltipTriggerText="Pack Type"
        />
      </label>
      <DropdownInput
        error={null}
        handleChange={[Function]}
        id="pack-type-dropdown"
        isSearchable={true}
        options={Array []}
        value={
          Object {
            "label": "ELL",
            "value": "ELL",
          }
        }
      />
    </section>
    <DropdownInput
      handleChange={[Function]}
      id="time-dropdown"
      isSearchable={true}
      label="Select time in minutes"
      options={
        Array [
          Object {
            "label": "0",
            "value": "0",
          },
          Object {
            "label": "10",
            "value": "10",
          },
          Object {
            "label": "20",
            "value": "20",
          },
          Object {
            "label": "30",
            "value": "30",
          },
          Object {
            "label": "40",
            "value": "40",
          },
          Object {
            "label": "50",
            "value": "50",
          },
          Object {
            "label": "60",
            "value": "60",
          },
          Object {
            "label": "70",
            "value": "70",
          },
          Object {
            "label": "80",
            "value": "80",
          },
          Object {
            "label": "90",
            "value": "90",
          },
          Object {
            "label": "100",
            "value": "100",
          },
          Object {
            "label": "110",
            "value": "110",
          },
          Object {
            "label": "120",
            "value": "120",
          },
          Object {
            "label": "130",
            "value": "130",
          },
          Object {
            "label": "140",
            "value": "140",
          },
          Object {
            "label": "150",
            "value": "150",
          },
          Object {
            "label": "160",
            "value": "160",
          },
          Object {
            "label": "170",
            "value": "170",
          },
          Object {
            "label": "180",
            "value": "180",
          },
          Object {
            "label": "190",
            "value": "190",
          },
        ]
      }
      value={
        Object {
          "label": "20",
          "value": "20",
        }
      }
    />
    <section
      className="diagnostics-section padded-element"
    >
      <h3>
        Diagnostics:
      </h3>
      <section
        className="diagnostics"
      >
        <p>
          N/A
        </p>
      </section>
    </section>
    <section
      className="readability-section padded-element"
    >
      <h3>
        Readability:
      </h3>
      <p>
        N/A
      </p>
    </section>
  </section>
  <div
    className="pdf-upload-container padded-element"
  >
    <label>
      Click the square below or drag a file into it to upload a file:
    </label>
    <Component
      onDrop={[Function]}
    />
    <p>
      Here is the link to your uploaded file:
    </p>
  </div>
  <section
    className="activity-selector-container padded-element"
  >
    <UnitTemplateActivitySelector
      parentActivities={
        Array [
          Object {
            "anonymous_path": "/activity_sessions/anonymous?activity_id=303",
            "classification": Object {
              "alias": "Quill Grammar",
              "created_at": "2014-04-19T00:05:03.113Z",
              "form_url": "https://grammar.quill.org/play/sw",
              "id": 2,
              "image_class": "icon-puzzle-gray",
              "key": "sentence",
              "module_url": "https://grammar.quill.org/play/sw",
              "name": "Quill Grammar",
              "scorebook_icon_class": "icon-puzzle",
              "uid": "s2u3tVuguhfUjOQxDP-7RA",
              "updated_at": "2017-01-24T16:06:52.270Z",
            },
            "created_at": "2016-03-08T22:28:58.921Z",
            "data": null,
            "description": "Write five sentences using the correct preposition.",
            "flags": Array [
              "production",
            ],
            "id": 303,
            "name": "From",
            "standard": Object {
              "created_at": "2014-04-19T15:42:40.907Z",
              "id": 6,
              "name": "1.1i. Frequently Occurring Prepositions",
              "standard_category": Object {
                "created_at": "2015-02-07T21:55:22.293Z",
                "id": 5,
                "name": "Prepositions",
                "updated_at": "2015-02-07T21:55:22.293Z",
              },
              "standard_level": Object {
                "created_at": "2013-11-12T18:03:10.973Z",
                "id": 7,
                "name": "1st Grade CCSS",
                "updated_at": "2015-02-27T22:02:03.770Z",
              },
              "updated_at": "2015-02-07T21:55:22.303Z",
            },
            "uid": "-KCNLERe7k5EKlr2sm1b",
            "updated_at": "2016-03-17T19:06:21.724Z",
          },
        ]
      }
      setParentActivities={[Function]}
      toggleParentActivity={[Function]}
    />
  </section>
  <div
    className="error-message-and-button"
  >
    <button
      className="quill-button primary contained medium focus-on-light"
      id="continue"
      onClick={[Function]}
    >
      Save
    </button>
  </div>
</div>
`;
