// Jest Snapshot v1, https://goo.gl/fbAQLP

exports[`BasicTeacherInfo component renders a signup form 1`] = `
ShallowWrapper {
  "complexSelector": ComplexSelector {
    "buildPredicate": [Function],
    "childrenOfNode": [Function],
    "findWhereUnwrapped": [Function],
  },
  "length": 1,
  "node": <div>
    <h3
        className="sign-up-header"
    >
        Sign up for a Teacher Account
    </h3>
    <auth_sign_up />
    <p
        className="support-p text-center"
    >
        We now support Google Classroom!
    </p>
    <div
        className="row"
    >
        <div
            className="col-xs-offset-3 col-xs-9"
        >
            <div
                className="col-xs-8 need-a-border"
            />
            <div
                className="row new-teacher-form-fields"
            >
                <div
                    className="col-xs-12 form-fields"
                />
            </div>
            <div
                className="row"
            >
                <div
                    className="col-xs-8"
                >
                    <input
                        checked={undefined}
                        name="sendNewsletter"
                        onChange={[Function]}
                        type="checkbox"
                    />
                    Send me monthly Quill updates
                </div>
            </div>
            <div
                className="row"
            >
                <div
                    className="col-xs-12"
                >
                    <button
                        className="button-green col-xs-8"
                        id="sign_up"
                        onClick={[Function]}
                    >
                        Sign Up
                    </button>
                </div>
            </div>
            <div
                className="row"
            >
                <div
                    className="col-xs-8"
                >
                    <div
                        className="text-align-center"
                    >
                        By signing up, you agree to our 
                        <a
                            href="/tos"
                            target="_blank"
                        >
                            terms of service
                        </a>
                         and 
                        <a
                            href="/privacy"
                            target="_blank"
                        >
                            privacy policy
                        </a>
                        .
                    </div>
                </div>
            </div>
        </div>
    </div>
</div>,
  "nodes": Array [
    <div>
      <h3
            className="sign-up-header"
      >
            Sign up for a Teacher Account
      </h3>
      <auth_sign_up />
      <p
            className="support-p text-center"
      >
            We now support Google Classroom!
      </p>
      <div
            className="row"
      >
            <div
                  className="col-xs-offset-3 col-xs-9"
            >
                  <div
                        className="col-xs-8 need-a-border"
                  />
                  <div
                        className="row new-teacher-form-fields"
                  >
                        <div
                              className="col-xs-12 form-fields"
                        />
                  </div>
                  <div
                        className="row"
                  >
                        <div
                              className="col-xs-8"
                        >
                              <input
                                    checked={undefined}
                                    name="sendNewsletter"
                                    onChange={[Function]}
                                    type="checkbox"
                              />
                              Send me monthly Quill updates
                        </div>
                  </div>
                  <div
                        className="row"
                  >
                        <div
                              className="col-xs-12"
                        >
                              <button
                                    className="button-green col-xs-8"
                                    id="sign_up"
                                    onClick={[Function]}
                              >
                                    Sign Up
                              </button>
                        </div>
                  </div>
                  <div
                        className="row"
                  >
                        <div
                              className="col-xs-8"
                        >
                              <div
                                    className="text-align-center"
                              >
                                    By signing up, you agree to our 
                                    <a
                                          href="/tos"
                                          target="_blank"
                                    >
                                          terms of service
                                    </a>
                                     and 
                                    <a
                                          href="/privacy"
                                          target="_blank"
                                    >
                                          privacy policy
                                    </a>
                                    .
                              </div>
                        </div>
                  </div>
            </div>
      </div>
</div>,
  ],
  "options": Object {},
  "renderer": ReactShallowRenderer {
    "_instance": ShallowComponentWrapper {
      "_calledComponentWillUnmount": false,
      "_compositeType": 0,
      "_context": Object {},
      "_currentElement": <basic_teacher_info
        signUp={[Function]}
        textInputGenerator={
                Object {
                        "generate": [Function],
                      }
        }
        update={[Function]}
/>,
      "_debugID": 1,
      "_hostContainerInfo": null,
      "_hostParent": null,
      "_instance": Constructor {
        "_reactInternalInstance": [Circular],
        "context": Object {},
        "props": Object {
          "signUp": [Function],
          "textInputGenerator": Object {
            "generate": [Function],
          },
          "update": [Function],
        },
        "refs": Object {},
        "state": null,
        "updateSendNewsletter": [Function],
        "updater": Object {
          "enqueueCallback": [Function],
          "enqueueCallbackInternal": [Function],
          "enqueueElementInternal": [Function],
          "enqueueForceUpdate": [Function],
          "enqueueReplaceState": [Function],
          "enqueueSetState": [Function],
          "isMounted": [Function],
          "validateCallback": [Function],
        },
      },
      "_mountOrder": 1,
      "_pendingCallbacks": null,
      "_pendingElement": null,
      "_pendingForceUpdate": false,
      "_pendingReplaceState": false,
      "_pendingStateQueue": null,
      "_renderedComponent": NoopInternalComponent {
        "_currentElement": <div>
          <h3
                    className="sign-up-header"
          >
                    Sign up for a Teacher Account
          </h3>
          <auth_sign_up />
          <p
                    className="support-p text-center"
          >
                    We now support Google Classroom!
          </p>
          <div
                    className="row"
          >
                    <div
                              className="col-xs-offset-3 col-xs-9"
                    >
                              <div
                                        className="col-xs-8 need-a-border"
                              />
                              <div
                                        className="row new-teacher-form-fields"
                              >
                                        <div
                                                  className="col-xs-12 form-fields"
                                        />
                              </div>
                              <div
                                        className="row"
                              >
                                        <div
                                                  className="col-xs-8"
                                        >
                                                  <input
                                                            checked={undefined}
                                                            name="sendNewsletter"
                                                            onChange={[Function]}
                                                            type="checkbox"
                                                  />
                                                  Send me monthly Quill updates
                                        </div>
                              </div>
                              <div
                                        className="row"
                              >
                                        <div
                                                  className="col-xs-12"
                                        >
                                                  <button
                                                            className="button-green col-xs-8"
                                                            id="sign_up"
                                                            onClick={[Function]}
                                                  >
                                                            Sign Up
                                                  </button>
                                        </div>
                              </div>
                              <div
                                        className="row"
                              >
                                        <div
                                                  className="col-xs-8"
                                        >
                                                  <div
                                                            className="text-align-center"
                                                  >
                                                            By signing up, you agree to our 
                                                            <a
                                                                      href="/tos"
                                                                      target="_blank"
                                                            >
                                                                      terms of service
                                                            </a>
                                                             and 
                                                            <a
                                                                      href="/privacy"
                                                                      target="_blank"
                                                            >
                                                                      privacy policy
                                                            </a>
                                                            .
                                                  </div>
                                        </div>
                              </div>
                    </div>
          </div>
</div>,
        "_debugID": 2,
        "_renderedOutput": <div>
          <h3
                    className="sign-up-header"
          >
                    Sign up for a Teacher Account
          </h3>
          <auth_sign_up />
          <p
                    className="support-p text-center"
          >
                    We now support Google Classroom!
          </p>
          <div
                    className="row"
          >
                    <div
                              className="col-xs-offset-3 col-xs-9"
                    >
                              <div
                                        className="col-xs-8 need-a-border"
                              />
                              <div
                                        className="row new-teacher-form-fields"
                              >
                                        <div
                                                  className="col-xs-12 form-fields"
                                        />
                              </div>
                              <div
                                        className="row"
                              >
                                        <div
                                                  className="col-xs-8"
                                        >
                                                  <input
                                                            checked={undefined}
                                                            name="sendNewsletter"
                                                            onChange={[Function]}
                                                            type="checkbox"
                                                  />
                                                  Send me monthly Quill updates
                                        </div>
                              </div>
                              <div
                                        className="row"
                              >
                                        <div
                                                  className="col-xs-12"
                                        >
                                                  <button
                                                            className="button-green col-xs-8"
                                                            id="sign_up"
                                                            onClick={[Function]}
                                                  >
                                                            Sign Up
                                                  </button>
                                        </div>
                              </div>
                              <div
                                        className="row"
                              >
                                        <div
                                                  className="col-xs-8"
                                        >
                                                  <div
                                                            className="text-align-center"
                                                  >
                                                            By signing up, you agree to our 
                                                            <a
                                                                      href="/tos"
                                                                      target="_blank"
                                                            >
                                                                      terms of service
                                                            </a>
                                                             and 
                                                            <a
                                                                      href="/privacy"
                                                                      target="_blank"
                                                            >
                                                                      privacy policy
                                                            </a>
                                                            .
                                                  </div>
                                        </div>
                              </div>
                    </div>
          </div>
</div>,
      },
      "_renderedNodeType": 0,
      "_rootNodeID": 0,
      "_topLevelWrapper": null,
      "_updateBatchNumber": null,
      "_warnedAboutRefsInRender": false,
    },
    "getRenderOutput": [Function],
    "render": [Function],
  },
  "root": [Circular],
  "unrendered": <basic_teacher_info
    signUp={[Function]}
    textInputGenerator={
        Object {
            "generate": [Function],
          }
    }
    update={[Function]}
/>,
}
`;
