// Jest Snapshot v1, https://goo.gl/fbAQLP

exports[`CleverSignUp component should render 1`] = `
ShallowWrapper {
  "complexSelector": ComplexSelector {
    "buildPredicate": [Function],
    "childrenOfNode": [Function],
    "findWhereUnwrapped": [Function],
  },
  "length": 1,
  "node": <a
    href=""
>
    <img
        className="google-sign-up"
        src="/images/sign_up_with_clever.png"
    />
</a>,
  "nodes": Array [
    <a
      href=""
>
      <img
            className="google-sign-up"
            src="/images/sign_up_with_clever.png"
      />
</a>,
  ],
  "options": Object {},
  "renderer": ReactShallowRenderer {
    "_instance": ShallowComponentWrapper {
      "_calledComponentWillUnmount": false,
      "_compositeType": 0,
      "_context": Object {},
      "_currentElement": <clever_sign_up />,
      "_debugID": 1,
      "_hostContainerInfo": null,
      "_hostParent": null,
      "_instance":  {
        "_reactInternalInstance": [Circular],
        "buildLink": [Function],
        "context": Object {},
        "failure": [Function],
        "loadState": [Function],
        "props": Object {},
        "refs": Object {},
        "state": Object {
          "cleverScope": null,
          "clientId": null,
          "detailsLoaded": false,
          "notAvailable": false,
          "redirectUri": null,
        },
        "updater": Object {
          "enqueueCallback": [Function],
          "enqueueCallbackInternal": [Function],
          "enqueueElementInternal": [Function],
          "enqueueForceUpdate": [Function],
          "enqueueReplaceState": [Function],
          "enqueueSetState": [Function],
          "isMounted": [Function],
          "validateCallback": [Function],
        },
      },
      "_mountOrder": 1,
      "_pendingCallbacks": null,
      "_pendingElement": null,
      "_pendingForceUpdate": false,
      "_pendingReplaceState": false,
      "_pendingStateQueue": null,
      "_renderedComponent": NoopInternalComponent {
        "_currentElement": <a
          href=""
>
          <img
                    className="google-sign-up"
                    src="/images/sign_up_with_clever.png"
          />
</a>,
        "_debugID": 2,
        "_renderedOutput": <a
          href=""
>
          <img
                    className="google-sign-up"
                    src="/images/sign_up_with_clever.png"
          />
</a>,
      },
      "_renderedNodeType": 0,
      "_rootNodeID": 0,
      "_topLevelWrapper": null,
      "_updateBatchNumber": null,
      "_warnedAboutRefsInRender": false,
    },
    "getRenderOutput": [Function],
    "render": [Function],
  },
  "root": [Circular],
  "unrendered": <clever_sign_up />,
}
`;
