// Jest Snapshot v1, https://goo.gl/fbAQLP

exports[`EducatorType component should render if stage is 1 1`] = `
ShallowWrapper {
  "complexSelector": ComplexSelector {
    "buildPredicate": [Function],
    "childrenOfNode": [Function],
    "findWhereUnwrapped": [Function],
  },
  "length": 1,
  "node": <div
    className="educator-type"
>
    <h3>
        Are you a faculty member at a U.S K-12 School?*
    </h3>
    <div
        className="option-wrapper"
    >
        <button
            className="button-green"
            onClick={[Function]}
        >
            Yes
        </button>
        <button
            className="button-green"
            onClick={[Function]}
        >
            No
        </button>
    </div>
    <div>
        *K-12 is a term for school grades prior to college.
        <br />
        These grades span from kindergarten through the 12th grade.
    </div>
</div>,
  "nodes": Array [
    <div
      className="educator-type"
>
      <h3>
            Are you a faculty member at a U.S K-12 School?*
      </h3>
      <div
            className="option-wrapper"
      >
            <button
                  className="button-green"
                  onClick={[Function]}
            >
                  Yes
            </button>
            <button
                  className="button-green"
                  onClick={[Function]}
            >
                  No
            </button>
      </div>
      <div>
            *K-12 is a term for school grades prior to college.
            <br />
            These grades span from kindergarten through the 12th grade.
      </div>
</div>,
  ],
  "options": Object {},
  "renderer": ReactShallowRenderer {
    "_instance": ShallowComponentWrapper {
      "_calledComponentWillUnmount": false,
      "_compositeType": 0,
      "_context": Object {},
      "_currentElement": <educator_type />,
      "_debugID": 1,
      "_hostContainerInfo": null,
      "_hostParent": null,
      "_instance": Constructor {
        "_reactInternalInstance": [Circular],
        "context": Object {},
        "finish": [Function],
        "goToStage": [Function],
        "props": Object {},
        "refs": Object {},
        "selectSchool": [Function],
        "state": Object {
          "stage": 1,
        },
        "stateSpecificComponents": [Function],
        "updater": Object {
          "enqueueCallback": [Function],
          "enqueueCallbackInternal": [Function],
          "enqueueElementInternal": [Function],
          "enqueueForceUpdate": [Function],
          "enqueueReplaceState": [Function],
          "enqueueSetState": [Function],
          "isMounted": [Function],
          "validateCallback": [Function],
        },
      },
      "_mountOrder": 1,
      "_pendingCallbacks": null,
      "_pendingElement": null,
      "_pendingForceUpdate": false,
      "_pendingReplaceState": false,
      "_pendingStateQueue": null,
      "_renderedComponent": NoopInternalComponent {
        "_currentElement": <div
          className="educator-type"
>
          <h3>
                    Are you a faculty member at a U.S K-12 School?*
          </h3>
          <div
                    className="option-wrapper"
          >
                    <button
                              className="button-green"
                              onClick={[Function]}
                    >
                              Yes
                    </button>
                    <button
                              className="button-green"
                              onClick={[Function]}
                    >
                              No
                    </button>
          </div>
          <div>
                    *K-12 is a term for school grades prior to college.
                    <br />
                    These grades span from kindergarten through the 12th grade.
          </div>
</div>,
        "_debugID": 2,
        "_renderedOutput": <div
          className="educator-type"
>
          <h3>
                    Are you a faculty member at a U.S K-12 School?*
          </h3>
          <div
                    className="option-wrapper"
          >
                    <button
                              className="button-green"
                              onClick={[Function]}
                    >
                              Yes
                    </button>
                    <button
                              className="button-green"
                              onClick={[Function]}
                    >
                              No
                    </button>
          </div>
          <div>
                    *K-12 is a term for school grades prior to college.
                    <br />
                    These grades span from kindergarten through the 12th grade.
          </div>
</div>,
      },
      "_renderedNodeType": 0,
      "_rootNodeID": 0,
      "_topLevelWrapper": null,
      "_updateBatchNumber": null,
      "_warnedAboutRefsInRender": false,
    },
    "getRenderOutput": [Function],
    "render": [Function],
  },
  "root": [Circular],
  "unrendered": <educator_type />,
}
`;
