// Jest Snapshot v1, https://goo.gl/fbAQLP

exports[`GoogleSignUp component should render 1`] = `
<a
  href="/auth/google_oauth2"
>
  <img
    className="google-sign-up"
    src="/images/sign_up_with_google.png"
  />
</a>
`;
