// Jest Snapshot v1, https://goo.gl/fbAQLP

exports[`NewAccount component should render 1`] = `
ShallowWrapper {
  "complexSelector": ComplexSelector {
    "buildPredicate": [Function],
    "childrenOfNode": [Function],
    "findWhereUnwrapped": [Function],
  },
  "length": 1,
  "node": <div
    className="container account-form"
    id="sign-up"
>
    <new_account_stage1
        selectRole={[Function]}
    />
</div>,
  "nodes": Array [
    <div
      className="container account-form"
      id="sign-up"
>
      <new_account_stage1
            selectRole={[Function]}
      />
</div>,
  ],
  "options": Object {},
  "renderer": ReactShallowRenderer {
    "_instance": ShallowComponentWrapper {
      "_calledComponentWillUnmount": false,
      "_compositeType": 0,
      "_context": Object {},
      "_currentElement": <new_account
        teacherFromGoogleSignUp={false}
/>,
      "_debugID": 1,
      "_hostContainerInfo": null,
      "_hostParent": null,
      "_instance":  {
        "_reactInternalInstance": [Circular],
        "context": Object {},
        "determineNameInput": [Function],
        "existy": [Function],
        "initializeTextInputGenerator": [Function],
        "modules": Object {
          "textInputGenerator":  {
            "generate": [Function],
            "setErrors": [Function],
          },
        },
        "props": Object {
          "teacherFromGoogleSignUp": false,
        },
        "refs": Object {},
        "selectRole": [Function],
        "signUp": [Function],
        "signUpData": [Function],
        "signUpError": [Function],
        "state": Object {
          "analytics":  {
            "track": [Function],
          },
          "email": null,
          "errors": Object {},
          "first_name": null,
          "last_name": null,
          "password": null,
          "password_confirmation": null,
          "role": null,
          "sendNewsletter": true,
          "stage": 1,
          "teacherStage": 1,
          "username": null,
        },
        "update": [Function],
        "updateKeyValue": [Function],
        "updater": Object {
          "enqueueCallback": [Function],
          "enqueueCallbackInternal": [Function],
          "enqueueElementInternal": [Function],
          "enqueueForceUpdate": [Function],
          "enqueueReplaceState": [Function],
          "enqueueSetState": [Function],
          "isMounted": [Function],
          "validateCallback": [Function],
        },
        "uponSignUp": [Function],
      },
      "_mountOrder": 1,
      "_pendingCallbacks": null,
      "_pendingElement": null,
      "_pendingForceUpdate": false,
      "_pendingReplaceState": false,
      "_pendingStateQueue": null,
      "_renderedComponent": NoopInternalComponent {
        "_currentElement": <div
          className="container account-form"
          id="sign-up"
>
          <new_account_stage1
                    selectRole={[Function]}
          />
</div>,
        "_debugID": 2,
        "_renderedOutput": <div
          className="container account-form"
          id="sign-up"
>
          <new_account_stage1
                    selectRole={[Function]}
          />
</div>,
      },
      "_renderedNodeType": 0,
      "_rootNodeID": 0,
      "_topLevelWrapper": null,
      "_updateBatchNumber": null,
      "_warnedAboutRefsInRender": false,
    },
    "getRenderOutput": [Function],
    "render": [Function],
  },
  "root": [Circular],
  "unrendered": <new_account
    teacherFromGoogleSignUp={false}
/>,
}
`;
