// Jest Snapshot v1, https://goo.gl/fbAQLP

exports[`NewAccountStage1 component should render  1`] = `
ShallowWrapper {
  "complexSelector": ComplexSelector {
    "buildPredicate": [Function],
    "childrenOfNode": [Function],
    "findWhereUnwrapped": [Function],
  },
  "length": 1,
  "node": <div
    className="container account-form"
    id="sign-up"
>
    <div
        className="row sign_up_select_role"
    >
        <div
            className="row"
        >
            <h3
                className="col-xs-12"
            >
                Sign up for Quill as:
            </h3>
        </div>
        <div
            className="option-wrapper"
        >
            <role_option
                role="educator"
                selectRole={[Function]}
            />
            <role_option
                role="student"
                selectRole={[Function]}
            />
        </div>
        <div
            className="row"
        >
            <div
                className="col-xs-12"
            >
                Already signed up? 
                <a
                    href="/session/new"
                >
                    Return to Login
                </a>
            </div>
        </div>
    </div>
</div>,
  "nodes": Array [
    <div
      className="container account-form"
      id="sign-up"
>
      <div
            className="row sign_up_select_role"
      >
            <div
                  className="row"
            >
                  <h3
                        className="col-xs-12"
                  >
                        Sign up for Quill as:
                  </h3>
            </div>
            <div
                  className="option-wrapper"
            >
                  <role_option
                        role="educator"
                        selectRole={[Function]}
                  />
                  <role_option
                        role="student"
                        selectRole={[Function]}
                  />
            </div>
            <div
                  className="row"
            >
                  <div
                        className="col-xs-12"
                  >
                        Already signed up? 
                        <a
                              href="/session/new"
                        >
                              Return to Login
                        </a>
                  </div>
            </div>
      </div>
</div>,
  ],
  "options": Object {},
  "renderer": ReactShallowRenderer {
    "_instance": ShallowComponentWrapper {
      "_calledComponentWillUnmount": false,
      "_compositeType": 0,
      "_context": Object {},
      "_currentElement": <new_account_stage1
        selectRole={[Function]}
/>,
      "_debugID": 1,
      "_hostContainerInfo": null,
      "_hostParent": null,
      "_instance":  {
        "_reactInternalInstance": [Circular],
        "context": Object {},
        "props": Object {
          "selectRole": [Function],
        },
        "refs": Object {},
        "state": null,
        "updater": Object {
          "enqueueCallback": [Function],
          "enqueueCallbackInternal": [Function],
          "enqueueElementInternal": [Function],
          "enqueueForceUpdate": [Function],
          "enqueueReplaceState": [Function],
          "enqueueSetState": [Function],
          "isMounted": [Function],
          "validateCallback": [Function],
        },
      },
      "_mountOrder": 1,
      "_pendingCallbacks": null,
      "_pendingElement": null,
      "_pendingForceUpdate": false,
      "_pendingReplaceState": false,
      "_pendingStateQueue": null,
      "_renderedComponent": NoopInternalComponent {
        "_currentElement": <div
          className="container account-form"
          id="sign-up"
>
          <div
                    className="row sign_up_select_role"
          >
                    <div
                              className="row"
                    >
                              <h3
                                        className="col-xs-12"
                              >
                                        Sign up for Quill as:
                              </h3>
                    </div>
                    <div
                              className="option-wrapper"
                    >
                              <role_option
                                        role="educator"
                                        selectRole={[Function]}
                              />
                              <role_option
                                        role="student"
                                        selectRole={[Function]}
                              />
                    </div>
                    <div
                              className="row"
                    >
                              <div
                                        className="col-xs-12"
                              >
                                        Already signed up? 
                                        <a
                                                  href="/session/new"
                                        >
                                                  Return to Login
                                        </a>
                              </div>
                    </div>
          </div>
</div>,
        "_debugID": 2,
        "_renderedOutput": <div
          className="container account-form"
          id="sign-up"
>
          <div
                    className="row sign_up_select_role"
          >
                    <div
                              className="row"
                    >
                              <h3
                                        className="col-xs-12"
                              >
                                        Sign up for Quill as:
                              </h3>
                    </div>
                    <div
                              className="option-wrapper"
                    >
                              <role_option
                                        role="educator"
                                        selectRole={[Function]}
                              />
                              <role_option
                                        role="student"
                                        selectRole={[Function]}
                              />
                    </div>
                    <div
                              className="row"
                    >
                              <div
                                        className="col-xs-12"
                              >
                                        Already signed up? 
                                        <a
                                                  href="/session/new"
                                        >
                                                  Return to Login
                                        </a>
                              </div>
                    </div>
          </div>
</div>,
      },
      "_renderedNodeType": 0,
      "_rootNodeID": 0,
      "_topLevelWrapper": null,
      "_updateBatchNumber": null,
      "_warnedAboutRefsInRender": false,
    },
    "getRenderOutput": [Function],
    "render": [Function],
  },
  "root": [Circular],
  "unrendered": <new_account_stage1
    selectRole={[Function]}
/>,
}
`;
