// Jest Snapshot v1, https://goo.gl/fbAQLP

exports[`CoteachingAnnouncementMini component should render 1`] = `
<div
  className="mini_container results-overview-mini-container col-md-4 col-sm-5 text-center"
>
  <div
    className="mini_content"
  >
    <div
      className="gray-underline"
      style={
        Object {
          "padding": "8px",
          "position": "relative",
        }
      }
    >
      <img
        src="/assets/icons/icon-star.svg"
        style={
          Object {
            "height": "27px",
            "position": "absolute",
            "right": "-22px",
            "top": "-11px",
            "transform": "rotate(-22deg)",
            "width": "27px",
          }
        }
      />
      <img
        src="/assets/icons/icon-star.svg"
        style={
          Object {
            "height": "14px",
            "position": "absolute",
            "right": "-3px",
            "top": "-11px",
            "transform": "rotate(-34deg)",
            "width": "14px",
          }
        }
      />
      <h3>
        Co-Teaching is Now Available
      </h3>
    </div>
    <div>
      <img
        src="https://assets.quill.org/images/illustrations/high-five-illustrationx2.png"
        style={
          Object {
            "marginTop": "7px",
            "width": "67px",
          }
        }
      />
    </div>
    <p
      style={
        Object {
          "fontFamily": "lucida-grande, adelle-sans, helvetica",
          "lineHeight": "1.57",
          "padding": "0px 15px",
        }
      }
    >
      You can now add co-teachers to your classes. Co-teachers can manage classes, assign activities and view reports.
    </p>
    <a
      href="/teachers/classrooms#invite-coteachers"
      style={
        Object {
          "display": "block",
          "marginBottom": "12px",
        }
      }
    >
      <button
        className="button button-white beta"
        style={
          Object {
            "marginTop": "15px",
            "maxWidth": "233px",
            "paddingBottom": "13px",
            "width": "100%",
          }
        }
      >
        Add Co-Teachers
      </button>
    </a>
    <a
      href="http://support.quill.org/getting-started-for-teachers/manage-classes/how-do-i-share-a-class-with-my-co-teacher"
      style={
        Object {
          "color": "#027360",
        }
      }
      target="_blank"
    >
      Learn more about co-teaching &gt;
    </a>
  </div>
</div>
`;
