// Jest Snapshot v1, https://goo.gl/fbAQLP

exports[`the GoogleClassroomsList component should render 1`] = `
<div>
  <table>
    <tr>
      <td>
        sample class
      </td>
    </tr>
  </table>
</div>
`;
